// Jest Snapshot v1, https://goo.gl/fbAQLP

exports[`App should match snapshot 1`] = `
ShallowWrapper {
  Symbol(enzyme.__root__): [Circular],
  Symbol(enzyme.__unrendered__): <App />,
  Symbol(enzyme.__renderer__): Object {
    "batchedUpdates": [Function],
    "checkPropTypes": [Function],
    "getNode": [Function],
    "render": [Function],
    "simulateError": [Function],
    "simulateEvent": [Function],
    "unmount": [Function],
  },
  Symbol(enzyme.__node__): Object {
    "instance": null,
    "key": undefined,
    "nodeType": "host",
    "props": Object {
      "children": Array [
        <header
          className="doc-header"
        >
          <span
            className="logo-container"
          >
            <h1
              className="logo-text"
            >
              Taco Restaurants API
            </h1>
          </span>
          <h3
            className="header-subtext"
          >
            Find Top Taco Restaurants Across the US!
          </h3>
        </header>,
        <section
          className="about"
        >
          <h2>
            Welcome!
          </h2>
          <p>
            This API is designed to provide data on many of the best taco restaurants in cities all across the US. All of the endpoints below exist at the base URL:
          </p>
          <p>
            <a
              href="https://kylie-joel-byob.herokuapp.com"
              target="_blank"
            >
              https://kylie-joel-byob.herokuapp.com
            </a>
            .
          </p>
          <p>
            Please enjoy the data we've provided. If you're building an app or website that uses this data, let us know! We'd love to hear from you!
          </p>
        </section>,
        <EndPointContainer />,
      ],
      "className": "app-container",
    },
    "ref": null,
    "rendered": Array [
      Object {
        "instance": null,
        "key": undefined,
        "nodeType": "host",
        "props": Object {
          "children": Array [
            <span
              className="logo-container"
            >
              <h1
                className="logo-text"
              >
                Taco Restaurants API
              </h1>
            </span>,
            <h3
              className="header-subtext"
            >
              Find Top Taco Restaurants Across the US!
            </h3>,
          ],
          "className": "doc-header",
        },
        "ref": null,
        "rendered": Array [
          Object {
            "instance": null,
            "key": undefined,
            "nodeType": "host",
            "props": Object {
              "children": <h1
                className="logo-text"
              >
                Taco Restaurants API
              </h1>,
              "className": "logo-container",
            },
            "ref": null,
            "rendered": Object {
              "instance": null,
              "key": undefined,
              "nodeType": "host",
              "props": Object {
                "children": "Taco Restaurants API",
                "className": "logo-text",
              },
              "ref": null,
              "rendered": "Taco Restaurants API",
              "type": "h1",
            },
            "type": "span",
          },
          Object {
            "instance": null,
            "key": undefined,
            "nodeType": "host",
            "props": Object {
              "children": "Find Top Taco Restaurants Across the US!",
              "className": "header-subtext",
            },
            "ref": null,
            "rendered": "Find Top Taco Restaurants Across the US!",
            "type": "h3",
          },
        ],
        "type": "header",
      },
      Object {
        "instance": null,
        "key": undefined,
        "nodeType": "host",
        "props": Object {
          "children": Array [
            <h2>
              Welcome!
            </h2>,
            <p>
              This API is designed to provide data on many of the best taco restaurants in cities all across the US. All of the endpoints below exist at the base URL:
            </p>,
            <p>
              <a
                href="https://kylie-joel-byob.herokuapp.com"
                target="_blank"
              >
                https://kylie-joel-byob.herokuapp.com
              </a>
              .
            </p>,
            <p>
              Please enjoy the data we've provided. If you're building an app or website that uses this data, let us know! We'd love to hear from you!
            </p>,
          ],
          "className": "about",
        },
        "ref": null,
        "rendered": Array [
          Object {
            "instance": null,
            "key": undefined,
            "nodeType": "host",
            "props": Object {
              "children": "Welcome!",
            },
            "ref": null,
            "rendered": "Welcome!",
            "type": "h2",
          },
          Object {
            "instance": null,
            "key": undefined,
            "nodeType": "host",
            "props": Object {
              "children": "This API is designed to provide data on many of the best taco restaurants in cities all across the US. All of the endpoints below exist at the base URL:",
            },
            "ref": null,
            "rendered": "This API is designed to provide data on many of the best taco restaurants in cities all across the US. All of the endpoints below exist at the base URL:",
            "type": "p",
          },
          Object {
            "instance": null,
            "key": undefined,
            "nodeType": "host",
            "props": Object {
              "children": Array [
                <a
                  href="https://kylie-joel-byob.herokuapp.com"
                  target="_blank"
                >
                  https://kylie-joel-byob.herokuapp.com
                </a>,
                ".",
              ],
            },
            "ref": null,
            "rendered": Array [
              Object {
                "instance": null,
                "key": undefined,
                "nodeType": "host",
                "props": Object {
                  "children": "https://kylie-joel-byob.herokuapp.com",
                  "href": "https://kylie-joel-byob.herokuapp.com",
                  "target": "_blank",
                },
                "ref": null,
                "rendered": "https://kylie-joel-byob.herokuapp.com",
                "type": "a",
              },
              ".",
            ],
            "type": "p",
          },
          Object {
            "instance": null,
            "key": undefined,
            "nodeType": "host",
            "props": Object {
              "children": "Please enjoy the data we've provided. If you're building an app or website that uses this data, let us know! We'd love to hear from you!",
            },
            "ref": null,
            "rendered": "Please enjoy the data we've provided. If you're building an app or website that uses this data, let us know! We'd love to hear from you!",
            "type": "p",
          },
        ],
        "type": "section",
      },
      Object {
        "instance": null,
        "key": undefined,
        "nodeType": "function",
        "props": Object {},
        "ref": null,
        "rendered": null,
        "type": [Function],
      },
    ],
    "type": "div",
  },
  Symbol(enzyme.__nodes__): Array [
    Object {
      "instance": null,
      "key": undefined,
      "nodeType": "host",
      "props": Object {
        "children": Array [
          <header
            className="doc-header"
          >
            <span
              className="logo-container"
            >
              <h1
                className="logo-text"
              >
                Taco Restaurants API
              </h1>
            </span>
            <h3
              className="header-subtext"
            >
              Find Top Taco Restaurants Across the US!
            </h3>
          </header>,
          <section
            className="about"
          >
            <h2>
              Welcome!
            </h2>
            <p>
              This API is designed to provide data on many of the best taco restaurants in cities all across the US. All of the endpoints below exist at the base URL:
            </p>
            <p>
              <a
                href="https://kylie-joel-byob.herokuapp.com"
                target="_blank"
              >
                https://kylie-joel-byob.herokuapp.com
              </a>
              .
            </p>
            <p>
              Please enjoy the data we've provided. If you're building an app or website that uses this data, let us know! We'd love to hear from you!
            </p>
          </section>,
          <EndPointContainer />,
        ],
        "className": "app-container",
      },
      "ref": null,
      "rendered": Array [
        Object {
          "instance": null,
          "key": undefined,
          "nodeType": "host",
          "props": Object {
            "children": Array [
              <span
                className="logo-container"
              >
                <h1
                  className="logo-text"
                >
                  Taco Restaurants API
                </h1>
              </span>,
              <h3
                className="header-subtext"
              >
                Find Top Taco Restaurants Across the US!
              </h3>,
            ],
            "className": "doc-header",
          },
          "ref": null,
          "rendered": Array [
            Object {
              "instance": null,
              "key": undefined,
              "nodeType": "host",
              "props": Object {
                "children": <h1
                  className="logo-text"
                >
                  Taco Restaurants API
                </h1>,
                "className": "logo-container",
              },
              "ref": null,
              "rendered": Object {
                "instance": null,
                "key": undefined,
                "nodeType": "host",
                "props": Object {
                  "children": "Taco Restaurants API",
                  "className": "logo-text",
                },
                "ref": null,
                "rendered": "Taco Restaurants API",
                "type": "h1",
              },
              "type": "span",
            },
            Object {
              "instance": null,
              "key": undefined,
              "nodeType": "host",
              "props": Object {
                "children": "Find Top Taco Restaurants Across the US!",
                "className": "header-subtext",
              },
              "ref": null,
              "rendered": "Find Top Taco Restaurants Across the US!",
              "type": "h3",
            },
          ],
          "type": "header",
        },
        Object {
          "instance": null,
          "key": undefined,
          "nodeType": "host",
          "props": Object {
            "children": Array [
              <h2>
                Welcome!
              </h2>,
              <p>
                This API is designed to provide data on many of the best taco restaurants in cities all across the US. All of the endpoints below exist at the base URL:
              </p>,
              <p>
                <a
                  href="https://kylie-joel-byob.herokuapp.com"
                  target="_blank"
                >
                  https://kylie-joel-byob.herokuapp.com
                </a>
                .
              </p>,
              <p>
                Please enjoy the data we've provided. If you're building an app or website that uses this data, let us know! We'd love to hear from you!
              </p>,
            ],
            "className": "about",
          },
          "ref": null,
          "rendered": Array [
            Object {
              "instance": null,
              "key": undefined,
              "nodeType": "host",
              "props": Object {
                "children": "Welcome!",
              },
              "ref": null,
              "rendered": "Welcome!",
              "type": "h2",
            },
            Object {
              "instance": null,
              "key": undefined,
              "nodeType": "host",
              "props": Object {
                "children": "This API is designed to provide data on many of the best taco restaurants in cities all across the US. All of the endpoints below exist at the base URL:",
              },
              "ref": null,
              "rendered": "This API is designed to provide data on many of the best taco restaurants in cities all across the US. All of the endpoints below exist at the base URL:",
              "type": "p",
            },
            Object {
              "instance": null,
              "key": undefined,
              "nodeType": "host",
              "props": Object {
                "children": Array [
                  <a
                    href="https://kylie-joel-byob.herokuapp.com"
                    target="_blank"
                  >
                    https://kylie-joel-byob.herokuapp.com
                  </a>,
                  ".",
                ],
              },
              "ref": null,
              "rendered": Array [
                Object {
                  "instance": null,
                  "key": undefined,
                  "nodeType": "host",
                  "props": Object {
                    "children": "https://kylie-joel-byob.herokuapp.com",
                    "href": "https://kylie-joel-byob.herokuapp.com",
                    "target": "_blank",
                  },
                  "ref": null,
                  "rendered": "https://kylie-joel-byob.herokuapp.com",
                  "type": "a",
                },
                ".",
              ],
              "type": "p",
            },
            Object {
              "instance": null,
              "key": undefined,
              "nodeType": "host",
              "props": Object {
                "children": "Please enjoy the data we've provided. If you're building an app or website that uses this data, let us know! We'd love to hear from you!",
              },
              "ref": null,
              "rendered": "Please enjoy the data we've provided. If you're building an app or website that uses this data, let us know! We'd love to hear from you!",
              "type": "p",
            },
          ],
          "type": "section",
        },
        Object {
          "instance": null,
          "key": undefined,
          "nodeType": "function",
          "props": Object {},
          "ref": null,
          "rendered": null,
          "type": [Function],
        },
      ],
      "type": "div",
    },
  ],
  Symbol(enzyme.__options__): Object {
    "adapter": ReactSixteenAdapter {
      "options": Object {
        "enableComponentDidUpdateOnSetState": true,
        "legacyContextMode": "parent",
        "lifecycles": Object {
          "componentDidUpdate": Object {
            "onSetState": true,
          },
          "getChildContext": Object {
            "calledByRenderer": false,
          },
          "getDerivedStateFromProps": true,
          "getSnapshotBeforeUpdate": true,
          "setState": Object {
            "skipsComponentDidUpdateOnNullish": true,
          },
        },
      },
    },
  },
}
`;
