// Jest Snapshot v1, https://goo.gl/fbAQLP

exports[`EndPointContainer should match snapshot 1`] = `
ShallowWrapper {
  Symbol(enzyme.__root__): [Circular],
  Symbol(enzyme.__unrendered__): <EndPointContainer />,
  Symbol(enzyme.__renderer__): Object {
    "batchedUpdates": [Function],
    "checkPropTypes": [Function],
    "getNode": [Function],
    "render": [Function],
    "simulateError": [Function],
    "simulateEvent": [Function],
    "unmount": [Function],
  },
  Symbol(enzyme.__node__): Object {
    "instance": null,
    "key": undefined,
    "nodeType": "host",
    "props": Object {
      "children": Array [
        <EndPointItem
          data={
            Object {
              "examples": Object {
                "request": null,
                "response": "
        [
          {
              \\"id\\": 1,
              \\"name\\": \\"New York City\\",
              \\"state\\": \\"NY\\",
              \\"population\\": 8622698,
              \\"capital\\": false,
              \\"created_at\\": \\"2019-02-05T00:54:20.896Z\\",
              \\"updated_at\\": \\"2019-02-05T00:54:20.896Z\\"
          },
          {
              \\"id\\": 3,
              \\"name\\": \\"Los Angeles\\",
              \\"state\\": \\"CA\\",
              \\"population\\": 3999759,
              \\"capital\\": false,
              \\"created_at\\": \\"2019-02-05T00:54:20.906Z\\",
              \\"updated_at\\": \\"2019-02-05T00:54:20.906Z\\"
          },
          {
              \\"id\\": 2,
              \\"name\\": \\"Chicago\\",
              \\"state\\": \\"IL\\",
              \\"population\\": 2716450,
              \\"capital\\": false,
              \\"created_at\\": \\"2019-02-05T00:54:20.906Z\\",
              \\"updated_at\\": \\"2019-02-05T00:54:20.906Z\\"
          }
        ]",
              },
              "method": "GET",
              "path": "/api/v1/cities",
              "properties": Object {
                "capital": "boolean",
                "created_at": "timestamp",
                "id": "number",
                "name": "string",
                "population": "number",
                "state": "string",
                "updated_at": "timestamp",
              },
              "request_should_include": null,
              "returns": "an array of all cities in the database",
              "successful_status_code": 200,
            }
          }
        />,
        <EndPointItem
          data={
            Object {
              "examples": Object {
                "request": "
        {
          \\"name\\": \\"New York City\\",
          \\"state\\": \\"NY\\",
          \\"population\\": 8622698,
          \\"capital\\": false,
        }",
                "response": "
        {
          \\"id\\": 3,
          \\"name\\": \\"Los Angeles\\",
          \\"state\\": \\"CA\\",
          \\"population\\": 3999759,
          \\"capital\\": false,
          \\"created_at\\": \\"2019-02-05T00:54:20.906Z\\",
          \\"updated_at\\": \\"2019-02-05T00:54:20.906Z\\"
        }",
              },
              "method": "POST",
              "path": "/api/v1/cities",
              "properties": Object {
                "capital": "boolean",
                "created_at": "timestamp",
                "id": "number",
                "name": "string",
                "population": "number",
                "state": "string",
                "updated_at": "timestamp",
              },
              "request_should_include": Array [
                "name",
                "state",
                "population",
                "capital",
              ],
              "returns": "all properties with new id",
              "successful_status_code": 201,
            }
          }
        />,
        <EndPointItem
          data={
            Object {
              "examples": Object {
                "request": null,
                "response": "
        [
          {
              \\"id\\": 1,
              \\"name\\": \\"Los Tacos No. 1\\",
              \\"address\\": \\"Chelsea Market, 75 9th Avenue, New York 10011\\",
              \\"city\\": \\"New York City\\",
              \\"rating\\": 4,
              \\"avg_cost\\": \\"$25\\",
              \\"city_id\\": 1,
              \\"created_at\\": \\"2019-02-05T00:54:20.932Z\\",
              \\"updated_at\\": \\"2019-02-05T00:54:20.932Z\\"
          },
          {
              \\"id\\": 3,
              \\"name\\": \\"Cascabel Taqueria\\",
              \\"address\\": \\"1556 2Nd Avenue 10028\\",
              \\"city\\": \\"New York City\\",
              \\"rating\\": 4,
              \\"avg_cost\\": \\"$60\\",
              \\"city_id\\": 1,
              \\"created_at\\": \\"2019-02-05T00:54:20.935Z\\",
              \\"updated_at\\": \\"2019-02-05T00:54:20.935Z\\"
          },
          {
              \\"id\\": 2,
              \\"name\\": \\"Sombrero\\",
              \\"address\\": \\"303 West 48th Street, New York 10036\\",
              \\"city\\": \\"New York City\\",
              \\"rating\\": 2,
              \\"avg_cost\\": \\"$65\\",
              \\"city_id\\": 1,
              \\"created_at\\": \\"2019-02-05T00:54:20.936Z\\",
              \\"updated_at\\": \\"2019-02-05T00:54:20.936Z\\"
          }
        ]",
              },
              "method": "GET",
              "path": "/api/v1/restaurants",
              "properties": Object {
                "address": "string",
                "avg_cost": "string",
                "city_id": "number",
                "created_at": "timestamp",
                "id": "number",
                "name": "string",
                "rating": "number",
                "updated_at": "timestamp",
              },
              "request_should_include": null,
              "returns": "an array of all restaurants in the database",
              "successful_status_code": 200,
            }
          }
        />,
        <EndPointItem
          data={
            Object {
              "examples": Object {
                "request": null,
                "response": "
        [
          {
            \\"id\\": 19,
            \\"name\\": \\"Denver\\",
            \\"state\\": \\"CO\\",
            \\"population\\": 704621,
            \\"capital\\": true,
            \\"created_at\\": \\"2019-02-05T00:54:20.920Z\\",
            \\"updated_at\\": \\"2019-02-05T00:54:20.920Z\\"
          }
        ]",
              },
              "method": "GET",
              "path": "/api/v1/cities/:id",
              "properties": Object {
                "capital": "boolean",
                "created_at": "timestamp",
                "id": "number",
                "name": "string",
                "population": "number",
                "state": "string",
                "updated_at": "timestamp",
              },
              "request_should_include": null,
              "returns": "an array of any cities in the database that match the given id",
              "successful_status_code": 200,
            }
          }
        />,
        <EndPointItem
          data={
            Object {
              "examples": Object {
                "request": "
        {
          \\"name\\": \\"Denver\\",
          \\"state\\": \\"CO\\",
          \\"population\\": 704621,
          \\"capital\\": true,
        }",
                "response": "City with id 19 was successfully updated.",
              },
              "method": "PUT",
              "path": "/api/v1/cities/:id",
              "properties": Object {
                "capital": "boolean",
                "created_at": "timestamp",
                "id": "number",
                "name": "string",
                "population": "number",
                "state": "string",
                "updated_at": "timestamp",
              },
              "request_should_include": Array [
                "name",
                "state",
                "population",
                "capital",
              ],
              "returns": "confirmation message",
              "successful_status_code": 202,
            }
          }
        />,
        <EndPointItem
          data={
            Object {
              "examples": Object {
                "request": null,
                "response": null,
              },
              "method": "DELETE",
              "path": "/api/v1/cities/:id",
              "properties": Object {
                "capital": "boolean",
                "created_at": "timestamp",
                "id": "number",
                "name": "string",
                "population": "number",
                "state": "string",
                "updated_at": "timestamp",
              },
              "request_should_include": "none",
              "returns": "status code only",
              "successful_status_code": 204,
            }
          }
        />,
        <EndPointItem
          data={
            Object {
              "examples": Object {
                "request": null,
                "response": "
        [
          {
            \\"id\\": 204,
            \\"name\\": \\"Machete Tequila + Tacos\\",
            \\"address\\": \\"2817 East 3rd Avenue, Denver 80206\\",
            \\"city\\": \\"Denver\\",
            \\"rating\\": 3,
            \\"avg_cost\\": \\"$25\\",
            \\"city_id\\": 19,
            \\"created_at\\": \\"2019-02-05T00:54:21.037Z\\",
            \\"updated_at\\": \\"2019-02-05T00:54:21.037Z\\"
          }
        ]",
              },
              "method": "GET",
              "path": "/api/v1/restaurants/:id",
              "properties": Object {
                "address": "string",
                "avg_cost": "string",
                "city_id": "number",
                "created_at": "timestamp",
                "id": "number",
                "name": "string",
                "rating": "number",
                "updated_at": "timestamp",
              },
              "request_should_include": "none",
              "returns": "an array of any restaurants in the database that match the id",
              "successful_status_code": 200,
            }
          }
        />,
        <EndPointItem
          data={
            Object {
              "examples": Object {
                "request": "
        {
          \\"name\\": \\"Machete Tequila + Tacos\\",
          \\"address\\": \\"2817 East 3rd Avenue, Denver 80206\\",
          \\"city\\": \\"Denver\\",
          \\"rating\\": 3,
          \\"avg_cost\\": \\"$25\\",
        }",
                "response": "Restaurant with id 204 was successfully updated.",
              },
              "method": "PUT",
              "path": "/api/v1/restaurants/:id",
              "properties": Object {
                "address": "string",
                "avg_cost": "string",
                "city_id": "number",
                "created_at": "timestamp",
                "id": "number",
                "name": "string",
                "rating": "number",
                "updated_at": "timestamp",
              },
              "request_should_include": Array [
                "name",
                "address",
                "city",
                "rating",
                "avg_cost",
              ],
              "returns": "all properties with new id",
              "successful_status_code": 201,
            }
          }
        />,
        <EndPointItem
          data={
            Object {
              "examples": Object {
                "request": null,
                "response": null,
              },
              "method": "DELETE",
              "path": "/api/v1/restaurants/:id",
              "properties": Object {
                "address": "string",
                "avg_cost": "string",
                "city_id": "number",
                "created_at": "timestamp",
                "id": "number",
                "name": "string",
                "rating": "number",
                "updated_at": "timestamp",
              },
              "request_should_include": null,
              "returns": "response code only",
              "successful_status_code": 204,
            }
          }
        />,
        <EndPointItem
          data={
            Object {
              "examples": Object {
                "request": null,
                "response": "
        [
          {
              \\"id\\": 205,
              \\"name\\": \\"Margs Taco Bistro\\",
              \\"address\\": \\"200 Fillmore Street, Denver 80206\\",
              \\"city\\": \\"Denver\\",
              \\"rating\\": 3,
              \\"avg_cost\\": \\"$10\\",
              \\"city_id\\": 19,
              \\"created_at\\": \\"2019-02-05T00:54:21.038Z\\",
              \\"updated_at\\": \\"2019-02-05T00:54:21.038Z\\"
          },
          {
              \\"id\\": 206,
              \\"name\\": \\"Taco John's\\",
              \\"address\\": \\"9675 Washington Street 80229\\",
              \\"city\\": \\"Denver\\",
              \\"rating\\": 0,
              \\"avg_cost\\": \\"$25\\",
              \\"city_id\\": 19,
              \\"created_at\\": \\"2019-02-05T00:54:21.038Z\\",
              \\"updated_at\\": \\"2019-02-05T00:54:21.038Z\\"
          },
          {
              \\"id\\": 207,
              \\"name\\": \\"Torchy's Tacos\\",
              \\"address\\": \\"1085 North Broadway 80203\\",
              \\"city\\": \\"Denver\\",
              \\"rating\\": 3,
              \\"avg_cost\\": \\"$25\\",
              \\"city_id\\": 19,
              \\"created_at\\": \\"2019-02-05T00:54:21.039Z\\",
              \\"updated_at\\": \\"2019-02-05T00:54:21.039Z\\"
          }
        ]",
              },
              "method": "GET",
              "path": "/api/v1/cities/:id/restaurants",
              "properties": Object {
                "address": "string",
                "avg_cost": "string",
                "city_id": "number",
                "created_at": "timestamp",
                "id": "number",
                "name": "string",
                "rating": "number",
                "updated_at": "timestamp",
              },
              "request_should_include": "none",
              "returns": "an array of restaurants that have matching city ids",
              "successful_status_code": 200,
            }
          }
        />,
        <EndPointItem
          data={
            Object {
              "examples": Object {
                "request": "
        {
          \\"name\\": \\"Torchy's Tacos\\",
          \\"address\\": \\"1085 North Broadway 80203\\",
          \\"city\\": \\"Denver\\",
          \\"rating\\": 3,
          \\"avg_cost\\": \\"$25\\"
        }",
                "response": "
        {
          \\"id\\": 207,
          \\"name\\": \\"Torchy's Tacos\\",
          \\"address\\": \\"1085 North Broadway 80203\\",
          \\"city\\": \\"Denver\\",
          \\"rating\\": 3,
          \\"avg_cost\\": \\"$25\\",
          \\"city_id\\": 19,
          \\"created_at\\": \\"2019-02-05T00:54:21.039Z\\",
          \\"updated_at\\": \\"2019-02-05T00:54:21.039Z\\"
        }",
              },
              "method": "POST",
              "path": "/api/v1/cities/:id/restaurants",
              "properties": Object {
                "address": "string",
                "avg_cost": "string",
                "city_id": "number",
                "created_at": "timestamp",
                "id": "number",
                "name": "string",
                "rating": "number",
                "updated_at": "timestamp",
              },
              "request_should_include": Array [
                "name",
                "address",
                "rating",
                "avg_cost",
              ],
              "returns": "all properties with id",
              "successful_status_code": 201,
            }
          }
        />,
      ],
      "className": "endpoint-container",
    },
    "ref": null,
    "rendered": Array [
      Object {
        "instance": null,
        "key": "bdaf6780-b7fd-42b1-9262-777d6dec4806",
        "nodeType": "class",
        "props": Object {
          "data": Object {
            "examples": Object {
              "request": null,
              "response": "
        [
          {
              \\"id\\": 1,
              \\"name\\": \\"New York City\\",
              \\"state\\": \\"NY\\",
              \\"population\\": 8622698,
              \\"capital\\": false,
              \\"created_at\\": \\"2019-02-05T00:54:20.896Z\\",
              \\"updated_at\\": \\"2019-02-05T00:54:20.896Z\\"
          },
          {
              \\"id\\": 3,
              \\"name\\": \\"Los Angeles\\",
              \\"state\\": \\"CA\\",
              \\"population\\": 3999759,
              \\"capital\\": false,
              \\"created_at\\": \\"2019-02-05T00:54:20.906Z\\",
              \\"updated_at\\": \\"2019-02-05T00:54:20.906Z\\"
          },
          {
              \\"id\\": 2,
              \\"name\\": \\"Chicago\\",
              \\"state\\": \\"IL\\",
              \\"population\\": 2716450,
              \\"capital\\": false,
              \\"created_at\\": \\"2019-02-05T00:54:20.906Z\\",
              \\"updated_at\\": \\"2019-02-05T00:54:20.906Z\\"
          }
        ]",
            },
            "method": "GET",
            "path": "/api/v1/cities",
            "properties": Object {
              "capital": "boolean",
              "created_at": "timestamp",
              "id": "number",
              "name": "string",
              "population": "number",
              "state": "string",
              "updated_at": "timestamp",
            },
            "request_should_include": null,
            "returns": "an array of all cities in the database",
            "successful_status_code": 200,
          },
        },
        "ref": null,
        "rendered": null,
        "type": [Function],
      },
      Object {
        "instance": null,
        "key": "bafc9e86-ebca-491c-a5c3-c9fb315bf10f",
        "nodeType": "class",
        "props": Object {
          "data": Object {
            "examples": Object {
              "request": "
        {
          \\"name\\": \\"New York City\\",
          \\"state\\": \\"NY\\",
          \\"population\\": 8622698,
          \\"capital\\": false,
        }",
              "response": "
        {
          \\"id\\": 3,
          \\"name\\": \\"Los Angeles\\",
          \\"state\\": \\"CA\\",
          \\"population\\": 3999759,
          \\"capital\\": false,
          \\"created_at\\": \\"2019-02-05T00:54:20.906Z\\",
          \\"updated_at\\": \\"2019-02-05T00:54:20.906Z\\"
        }",
            },
            "method": "POST",
            "path": "/api/v1/cities",
            "properties": Object {
              "capital": "boolean",
              "created_at": "timestamp",
              "id": "number",
              "name": "string",
              "population": "number",
              "state": "string",
              "updated_at": "timestamp",
            },
            "request_should_include": Array [
              "name",
              "state",
              "population",
              "capital",
            ],
            "returns": "all properties with new id",
            "successful_status_code": 201,
          },
        },
        "ref": null,
        "rendered": null,
        "type": [Function],
      },
      Object {
        "instance": null,
        "key": "377f09a4-02c0-48ef-9448-19c7bf2a409b",
        "nodeType": "class",
        "props": Object {
          "data": Object {
            "examples": Object {
              "request": null,
              "response": "
        [
          {
              \\"id\\": 1,
              \\"name\\": \\"Los Tacos No. 1\\",
              \\"address\\": \\"Chelsea Market, 75 9th Avenue, New York 10011\\",
              \\"city\\": \\"New York City\\",
              \\"rating\\": 4,
              \\"avg_cost\\": \\"$25\\",
              \\"city_id\\": 1,
              \\"created_at\\": \\"2019-02-05T00:54:20.932Z\\",
              \\"updated_at\\": \\"2019-02-05T00:54:20.932Z\\"
          },
          {
              \\"id\\": 3,
              \\"name\\": \\"Cascabel Taqueria\\",
              \\"address\\": \\"1556 2Nd Avenue 10028\\",
              \\"city\\": \\"New York City\\",
              \\"rating\\": 4,
              \\"avg_cost\\": \\"$60\\",
              \\"city_id\\": 1,
              \\"created_at\\": \\"2019-02-05T00:54:20.935Z\\",
              \\"updated_at\\": \\"2019-02-05T00:54:20.935Z\\"
          },
          {
              \\"id\\": 2,
              \\"name\\": \\"Sombrero\\",
              \\"address\\": \\"303 West 48th Street, New York 10036\\",
              \\"city\\": \\"New York City\\",
              \\"rating\\": 2,
              \\"avg_cost\\": \\"$65\\",
              \\"city_id\\": 1,
              \\"created_at\\": \\"2019-02-05T00:54:20.936Z\\",
              \\"updated_at\\": \\"2019-02-05T00:54:20.936Z\\"
          }
        ]",
            },
            "method": "GET",
            "path": "/api/v1/restaurants",
            "properties": Object {
              "address": "string",
              "avg_cost": "string",
              "city_id": "number",
              "created_at": "timestamp",
              "id": "number",
              "name": "string",
              "rating": "number",
              "updated_at": "timestamp",
            },
            "request_should_include": null,
            "returns": "an array of all restaurants in the database",
            "successful_status_code": 200,
          },
        },
        "ref": null,
        "rendered": null,
        "type": [Function],
      },
      Object {
        "instance": null,
        "key": "0199e8f1-e5e6-4744-8d04-8979d8aeb3c2",
        "nodeType": "class",
        "props": Object {
          "data": Object {
            "examples": Object {
              "request": null,
              "response": "
        [
          {
            \\"id\\": 19,
            \\"name\\": \\"Denver\\",
            \\"state\\": \\"CO\\",
            \\"population\\": 704621,
            \\"capital\\": true,
            \\"created_at\\": \\"2019-02-05T00:54:20.920Z\\",
            \\"updated_at\\": \\"2019-02-05T00:54:20.920Z\\"
          }
        ]",
            },
            "method": "GET",
            "path": "/api/v1/cities/:id",
            "properties": Object {
              "capital": "boolean",
              "created_at": "timestamp",
              "id": "number",
              "name": "string",
              "population": "number",
              "state": "string",
              "updated_at": "timestamp",
            },
            "request_should_include": null,
            "returns": "an array of any cities in the database that match the given id",
            "successful_status_code": 200,
          },
        },
        "ref": null,
        "rendered": null,
        "type": [Function],
      },
      Object {
        "instance": null,
        "key": "1dd2ad85-98bc-4c4c-9f10-e8661c0e88b4",
        "nodeType": "class",
        "props": Object {
          "data": Object {
            "examples": Object {
              "request": "
        {
          \\"name\\": \\"Denver\\",
          \\"state\\": \\"CO\\",
          \\"population\\": 704621,
          \\"capital\\": true,
        }",
              "response": "City with id 19 was successfully updated.",
            },
            "method": "PUT",
            "path": "/api/v1/cities/:id",
            "properties": Object {
              "capital": "boolean",
              "created_at": "timestamp",
              "id": "number",
              "name": "string",
              "population": "number",
              "state": "string",
              "updated_at": "timestamp",
            },
            "request_should_include": Array [
              "name",
              "state",
              "population",
              "capital",
            ],
            "returns": "confirmation message",
            "successful_status_code": 202,
          },
        },
        "ref": null,
        "rendered": null,
        "type": [Function],
      },
      Object {
        "instance": null,
        "key": "ff958df6-c85a-44db-9b3e-54f62f99ec35",
        "nodeType": "class",
        "props": Object {
          "data": Object {
            "examples": Object {
              "request": null,
              "response": null,
            },
            "method": "DELETE",
            "path": "/api/v1/cities/:id",
            "properties": Object {
              "capital": "boolean",
              "created_at": "timestamp",
              "id": "number",
              "name": "string",
              "population": "number",
              "state": "string",
              "updated_at": "timestamp",
            },
            "request_should_include": "none",
            "returns": "status code only",
            "successful_status_code": 204,
          },
        },
        "ref": null,
        "rendered": null,
        "type": [Function],
      },
      Object {
        "instance": null,
        "key": "6efab3ca-a48a-4530-bfa0-3e28fd8e4edb",
        "nodeType": "class",
        "props": Object {
          "data": Object {
            "examples": Object {
              "request": null,
              "response": "
        [
          {
            \\"id\\": 204,
            \\"name\\": \\"Machete Tequila + Tacos\\",
            \\"address\\": \\"2817 East 3rd Avenue, Denver 80206\\",
            \\"city\\": \\"Denver\\",
            \\"rating\\": 3,
            \\"avg_cost\\": \\"$25\\",
            \\"city_id\\": 19,
            \\"created_at\\": \\"2019-02-05T00:54:21.037Z\\",
            \\"updated_at\\": \\"2019-02-05T00:54:21.037Z\\"
          }
        ]",
            },
            "method": "GET",
            "path": "/api/v1/restaurants/:id",
            "properties": Object {
              "address": "string",
              "avg_cost": "string",
              "city_id": "number",
              "created_at": "timestamp",
              "id": "number",
              "name": "string",
              "rating": "number",
              "updated_at": "timestamp",
            },
            "request_should_include": "none",
            "returns": "an array of any restaurants in the database that match the id",
            "successful_status_code": 200,
          },
        },
        "ref": null,
        "rendered": null,
        "type": [Function],
      },
      Object {
        "instance": null,
        "key": "b188f7ee-1a01-42cb-8112-fd6afbf96da6",
        "nodeType": "class",
        "props": Object {
          "data": Object {
            "examples": Object {
              "request": "
        {
          \\"name\\": \\"Machete Tequila + Tacos\\",
          \\"address\\": \\"2817 East 3rd Avenue, Denver 80206\\",
          \\"city\\": \\"Denver\\",
          \\"rating\\": 3,
          \\"avg_cost\\": \\"$25\\",
        }",
              "response": "Restaurant with id 204 was successfully updated.",
            },
            "method": "PUT",
            "path": "/api/v1/restaurants/:id",
            "properties": Object {
              "address": "string",
              "avg_cost": "string",
              "city_id": "number",
              "created_at": "timestamp",
              "id": "number",
              "name": "string",
              "rating": "number",
              "updated_at": "timestamp",
            },
            "request_should_include": Array [
              "name",
              "address",
              "city",
              "rating",
              "avg_cost",
            ],
            "returns": "all properties with new id",
            "successful_status_code": 201,
          },
        },
        "ref": null,
        "rendered": null,
        "type": [Function],
      },
      Object {
        "instance": null,
        "key": "570d24a9-9265-4005-994b-4ffdc1e3258c",
        "nodeType": "class",
        "props": Object {
          "data": Object {
            "examples": Object {
              "request": null,
              "response": null,
            },
            "method": "DELETE",
            "path": "/api/v1/restaurants/:id",
            "properties": Object {
              "address": "string",
              "avg_cost": "string",
              "city_id": "number",
              "created_at": "timestamp",
              "id": "number",
              "name": "string",
              "rating": "number",
              "updated_at": "timestamp",
            },
            "request_should_include": null,
            "returns": "response code only",
            "successful_status_code": 204,
          },
        },
        "ref": null,
        "rendered": null,
        "type": [Function],
      },
      Object {
        "instance": null,
        "key": "9e2c011f-6168-4df5-9609-b9bf29cc5505",
        "nodeType": "class",
        "props": Object {
          "data": Object {
            "examples": Object {
              "request": null,
              "response": "
        [
          {
              \\"id\\": 205,
              \\"name\\": \\"Margs Taco Bistro\\",
              \\"address\\": \\"200 Fillmore Street, Denver 80206\\",
              \\"city\\": \\"Denver\\",
              \\"rating\\": 3,
              \\"avg_cost\\": \\"$10\\",
              \\"city_id\\": 19,
              \\"created_at\\": \\"2019-02-05T00:54:21.038Z\\",
              \\"updated_at\\": \\"2019-02-05T00:54:21.038Z\\"
          },
          {
              \\"id\\": 206,
              \\"name\\": \\"Taco John's\\",
              \\"address\\": \\"9675 Washington Street 80229\\",
              \\"city\\": \\"Denver\\",
              \\"rating\\": 0,
              \\"avg_cost\\": \\"$25\\",
              \\"city_id\\": 19,
              \\"created_at\\": \\"2019-02-05T00:54:21.038Z\\",
              \\"updated_at\\": \\"2019-02-05T00:54:21.038Z\\"
          },
          {
              \\"id\\": 207,
              \\"name\\": \\"Torchy's Tacos\\",
              \\"address\\": \\"1085 North Broadway 80203\\",
              \\"city\\": \\"Denver\\",
              \\"rating\\": 3,
              \\"avg_cost\\": \\"$25\\",
              \\"city_id\\": 19,
              \\"created_at\\": \\"2019-02-05T00:54:21.039Z\\",
              \\"updated_at\\": \\"2019-02-05T00:54:21.039Z\\"
          }
        ]",
            },
            "method": "GET",
            "path": "/api/v1/cities/:id/restaurants",
            "properties": Object {
              "address": "string",
              "avg_cost": "string",
              "city_id": "number",
              "created_at": "timestamp",
              "id": "number",
              "name": "string",
              "rating": "number",
              "updated_at": "timestamp",
            },
            "request_should_include": "none",
            "returns": "an array of restaurants that have matching city ids",
            "successful_status_code": 200,
          },
        },
        "ref": null,
        "rendered": null,
        "type": [Function],
      },
      Object {
        "instance": null,
        "key": "403ca9ad-019f-4dff-b704-df87aa2f0967",
        "nodeType": "class",
        "props": Object {
          "data": Object {
            "examples": Object {
              "request": "
        {
          \\"name\\": \\"Torchy's Tacos\\",
          \\"address\\": \\"1085 North Broadway 80203\\",
          \\"city\\": \\"Denver\\",
          \\"rating\\": 3,
          \\"avg_cost\\": \\"$25\\"
        }",
              "response": "
        {
          \\"id\\": 207,
          \\"name\\": \\"Torchy's Tacos\\",
          \\"address\\": \\"1085 North Broadway 80203\\",
          \\"city\\": \\"Denver\\",
          \\"rating\\": 3,
          \\"avg_cost\\": \\"$25\\",
          \\"city_id\\": 19,
          \\"created_at\\": \\"2019-02-05T00:54:21.039Z\\",
          \\"updated_at\\": \\"2019-02-05T00:54:21.039Z\\"
        }",
            },
            "method": "POST",
            "path": "/api/v1/cities/:id/restaurants",
            "properties": Object {
              "address": "string",
              "avg_cost": "string",
              "city_id": "number",
              "created_at": "timestamp",
              "id": "number",
              "name": "string",
              "rating": "number",
              "updated_at": "timestamp",
            },
            "request_should_include": Array [
              "name",
              "address",
              "rating",
              "avg_cost",
            ],
            "returns": "all properties with id",
            "successful_status_code": 201,
          },
        },
        "ref": null,
        "rendered": null,
        "type": [Function],
      },
    ],
    "type": "div",
  },
  Symbol(enzyme.__nodes__): Array [
    Object {
      "instance": null,
      "key": undefined,
      "nodeType": "host",
      "props": Object {
        "children": Array [
          <EndPointItem
            data={
              Object {
                "examples": Object {
                  "request": null,
                  "response": "
        [
          {
              \\"id\\": 1,
              \\"name\\": \\"New York City\\",
              \\"state\\": \\"NY\\",
              \\"population\\": 8622698,
              \\"capital\\": false,
              \\"created_at\\": \\"2019-02-05T00:54:20.896Z\\",
              \\"updated_at\\": \\"2019-02-05T00:54:20.896Z\\"
          },
          {
              \\"id\\": 3,
              \\"name\\": \\"Los Angeles\\",
              \\"state\\": \\"CA\\",
              \\"population\\": 3999759,
              \\"capital\\": false,
              \\"created_at\\": \\"2019-02-05T00:54:20.906Z\\",
              \\"updated_at\\": \\"2019-02-05T00:54:20.906Z\\"
          },
          {
              \\"id\\": 2,
              \\"name\\": \\"Chicago\\",
              \\"state\\": \\"IL\\",
              \\"population\\": 2716450,
              \\"capital\\": false,
              \\"created_at\\": \\"2019-02-05T00:54:20.906Z\\",
              \\"updated_at\\": \\"2019-02-05T00:54:20.906Z\\"
          }
        ]",
                },
                "method": "GET",
                "path": "/api/v1/cities",
                "properties": Object {
                  "capital": "boolean",
                  "created_at": "timestamp",
                  "id": "number",
                  "name": "string",
                  "population": "number",
                  "state": "string",
                  "updated_at": "timestamp",
                },
                "request_should_include": null,
                "returns": "an array of all cities in the database",
                "successful_status_code": 200,
              }
            }
          />,
          <EndPointItem
            data={
              Object {
                "examples": Object {
                  "request": "
        {
          \\"name\\": \\"New York City\\",
          \\"state\\": \\"NY\\",
          \\"population\\": 8622698,
          \\"capital\\": false,
        }",
                  "response": "
        {
          \\"id\\": 3,
          \\"name\\": \\"Los Angeles\\",
          \\"state\\": \\"CA\\",
          \\"population\\": 3999759,
          \\"capital\\": false,
          \\"created_at\\": \\"2019-02-05T00:54:20.906Z\\",
          \\"updated_at\\": \\"2019-02-05T00:54:20.906Z\\"
        }",
                },
                "method": "POST",
                "path": "/api/v1/cities",
                "properties": Object {
                  "capital": "boolean",
                  "created_at": "timestamp",
                  "id": "number",
                  "name": "string",
                  "population": "number",
                  "state": "string",
                  "updated_at": "timestamp",
                },
                "request_should_include": Array [
                  "name",
                  "state",
                  "population",
                  "capital",
                ],
                "returns": "all properties with new id",
                "successful_status_code": 201,
              }
            }
          />,
          <EndPointItem
            data={
              Object {
                "examples": Object {
                  "request": null,
                  "response": "
        [
          {
              \\"id\\": 1,
              \\"name\\": \\"Los Tacos No. 1\\",
              \\"address\\": \\"Chelsea Market, 75 9th Avenue, New York 10011\\",
              \\"city\\": \\"New York City\\",
              \\"rating\\": 4,
              \\"avg_cost\\": \\"$25\\",
              \\"city_id\\": 1,
              \\"created_at\\": \\"2019-02-05T00:54:20.932Z\\",
              \\"updated_at\\": \\"2019-02-05T00:54:20.932Z\\"
          },
          {
              \\"id\\": 3,
              \\"name\\": \\"Cascabel Taqueria\\",
              \\"address\\": \\"1556 2Nd Avenue 10028\\",
              \\"city\\": \\"New York City\\",
              \\"rating\\": 4,
              \\"avg_cost\\": \\"$60\\",
              \\"city_id\\": 1,
              \\"created_at\\": \\"2019-02-05T00:54:20.935Z\\",
              \\"updated_at\\": \\"2019-02-05T00:54:20.935Z\\"
          },
          {
              \\"id\\": 2,
              \\"name\\": \\"Sombrero\\",
              \\"address\\": \\"303 West 48th Street, New York 10036\\",
              \\"city\\": \\"New York City\\",
              \\"rating\\": 2,
              \\"avg_cost\\": \\"$65\\",
              \\"city_id\\": 1,
              \\"created_at\\": \\"2019-02-05T00:54:20.936Z\\",
              \\"updated_at\\": \\"2019-02-05T00:54:20.936Z\\"
          }
        ]",
                },
                "method": "GET",
                "path": "/api/v1/restaurants",
                "properties": Object {
                  "address": "string",
                  "avg_cost": "string",
                  "city_id": "number",
                  "created_at": "timestamp",
                  "id": "number",
                  "name": "string",
                  "rating": "number",
                  "updated_at": "timestamp",
                },
                "request_should_include": null,
                "returns": "an array of all restaurants in the database",
                "successful_status_code": 200,
              }
            }
          />,
          <EndPointItem
            data={
              Object {
                "examples": Object {
                  "request": null,
                  "response": "
        [
          {
            \\"id\\": 19,
            \\"name\\": \\"Denver\\",
            \\"state\\": \\"CO\\",
            \\"population\\": 704621,
            \\"capital\\": true,
            \\"created_at\\": \\"2019-02-05T00:54:20.920Z\\",
            \\"updated_at\\": \\"2019-02-05T00:54:20.920Z\\"
          }
        ]",
                },
                "method": "GET",
                "path": "/api/v1/cities/:id",
                "properties": Object {
                  "capital": "boolean",
                  "created_at": "timestamp",
                  "id": "number",
                  "name": "string",
                  "population": "number",
                  "state": "string",
                  "updated_at": "timestamp",
                },
                "request_should_include": null,
                "returns": "an array of any cities in the database that match the given id",
                "successful_status_code": 200,
              }
            }
          />,
          <EndPointItem
            data={
              Object {
                "examples": Object {
                  "request": "
        {
          \\"name\\": \\"Denver\\",
          \\"state\\": \\"CO\\",
          \\"population\\": 704621,
          \\"capital\\": true,
        }",
                  "response": "City with id 19 was successfully updated.",
                },
                "method": "PUT",
                "path": "/api/v1/cities/:id",
                "properties": Object {
                  "capital": "boolean",
                  "created_at": "timestamp",
                  "id": "number",
                  "name": "string",
                  "population": "number",
                  "state": "string",
                  "updated_at": "timestamp",
                },
                "request_should_include": Array [
                  "name",
                  "state",
                  "population",
                  "capital",
                ],
                "returns": "confirmation message",
                "successful_status_code": 202,
              }
            }
          />,
          <EndPointItem
            data={
              Object {
                "examples": Object {
                  "request": null,
                  "response": null,
                },
                "method": "DELETE",
                "path": "/api/v1/cities/:id",
                "properties": Object {
                  "capital": "boolean",
                  "created_at": "timestamp",
                  "id": "number",
                  "name": "string",
                  "population": "number",
                  "state": "string",
                  "updated_at": "timestamp",
                },
                "request_should_include": "none",
                "returns": "status code only",
                "successful_status_code": 204,
              }
            }
          />,
          <EndPointItem
            data={
              Object {
                "examples": Object {
                  "request": null,
                  "response": "
        [
          {
            \\"id\\": 204,
            \\"name\\": \\"Machete Tequila + Tacos\\",
            \\"address\\": \\"2817 East 3rd Avenue, Denver 80206\\",
            \\"city\\": \\"Denver\\",
            \\"rating\\": 3,
            \\"avg_cost\\": \\"$25\\",
            \\"city_id\\": 19,
            \\"created_at\\": \\"2019-02-05T00:54:21.037Z\\",
            \\"updated_at\\": \\"2019-02-05T00:54:21.037Z\\"
          }
        ]",
                },
                "method": "GET",
                "path": "/api/v1/restaurants/:id",
                "properties": Object {
                  "address": "string",
                  "avg_cost": "string",
                  "city_id": "number",
                  "created_at": "timestamp",
                  "id": "number",
                  "name": "string",
                  "rating": "number",
                  "updated_at": "timestamp",
                },
                "request_should_include": "none",
                "returns": "an array of any restaurants in the database that match the id",
                "successful_status_code": 200,
              }
            }
          />,
          <EndPointItem
            data={
              Object {
                "examples": Object {
                  "request": "
        {
          \\"name\\": \\"Machete Tequila + Tacos\\",
          \\"address\\": \\"2817 East 3rd Avenue, Denver 80206\\",
          \\"city\\": \\"Denver\\",
          \\"rating\\": 3,
          \\"avg_cost\\": \\"$25\\",
        }",
                  "response": "Restaurant with id 204 was successfully updated.",
                },
                "method": "PUT",
                "path": "/api/v1/restaurants/:id",
                "properties": Object {
                  "address": "string",
                  "avg_cost": "string",
                  "city_id": "number",
                  "created_at": "timestamp",
                  "id": "number",
                  "name": "string",
                  "rating": "number",
                  "updated_at": "timestamp",
                },
                "request_should_include": Array [
                  "name",
                  "address",
                  "city",
                  "rating",
                  "avg_cost",
                ],
                "returns": "all properties with new id",
                "successful_status_code": 201,
              }
            }
          />,
          <EndPointItem
            data={
              Object {
                "examples": Object {
                  "request": null,
                  "response": null,
                },
                "method": "DELETE",
                "path": "/api/v1/restaurants/:id",
                "properties": Object {
                  "address": "string",
                  "avg_cost": "string",
                  "city_id": "number",
                  "created_at": "timestamp",
                  "id": "number",
                  "name": "string",
                  "rating": "number",
                  "updated_at": "timestamp",
                },
                "request_should_include": null,
                "returns": "response code only",
                "successful_status_code": 204,
              }
            }
          />,
          <EndPointItem
            data={
              Object {
                "examples": Object {
                  "request": null,
                  "response": "
        [
          {
              \\"id\\": 205,
              \\"name\\": \\"Margs Taco Bistro\\",
              \\"address\\": \\"200 Fillmore Street, Denver 80206\\",
              \\"city\\": \\"Denver\\",
              \\"rating\\": 3,
              \\"avg_cost\\": \\"$10\\",
              \\"city_id\\": 19,
              \\"created_at\\": \\"2019-02-05T00:54:21.038Z\\",
              \\"updated_at\\": \\"2019-02-05T00:54:21.038Z\\"
          },
          {
              \\"id\\": 206,
              \\"name\\": \\"Taco John's\\",
              \\"address\\": \\"9675 Washington Street 80229\\",
              \\"city\\": \\"Denver\\",
              \\"rating\\": 0,
              \\"avg_cost\\": \\"$25\\",
              \\"city_id\\": 19,
              \\"created_at\\": \\"2019-02-05T00:54:21.038Z\\",
              \\"updated_at\\": \\"2019-02-05T00:54:21.038Z\\"
          },
          {
              \\"id\\": 207,
              \\"name\\": \\"Torchy's Tacos\\",
              \\"address\\": \\"1085 North Broadway 80203\\",
              \\"city\\": \\"Denver\\",
              \\"rating\\": 3,
              \\"avg_cost\\": \\"$25\\",
              \\"city_id\\": 19,
              \\"created_at\\": \\"2019-02-05T00:54:21.039Z\\",
              \\"updated_at\\": \\"2019-02-05T00:54:21.039Z\\"
          }
        ]",
                },
                "method": "GET",
                "path": "/api/v1/cities/:id/restaurants",
                "properties": Object {
                  "address": "string",
                  "avg_cost": "string",
                  "city_id": "number",
                  "created_at": "timestamp",
                  "id": "number",
                  "name": "string",
                  "rating": "number",
                  "updated_at": "timestamp",
                },
                "request_should_include": "none",
                "returns": "an array of restaurants that have matching city ids",
                "successful_status_code": 200,
              }
            }
          />,
          <EndPointItem
            data={
              Object {
                "examples": Object {
                  "request": "
        {
          \\"name\\": \\"Torchy's Tacos\\",
          \\"address\\": \\"1085 North Broadway 80203\\",
          \\"city\\": \\"Denver\\",
          \\"rating\\": 3,
          \\"avg_cost\\": \\"$25\\"
        }",
                  "response": "
        {
          \\"id\\": 207,
          \\"name\\": \\"Torchy's Tacos\\",
          \\"address\\": \\"1085 North Broadway 80203\\",
          \\"city\\": \\"Denver\\",
          \\"rating\\": 3,
          \\"avg_cost\\": \\"$25\\",
          \\"city_id\\": 19,
          \\"created_at\\": \\"2019-02-05T00:54:21.039Z\\",
          \\"updated_at\\": \\"2019-02-05T00:54:21.039Z\\"
        }",
                },
                "method": "POST",
                "path": "/api/v1/cities/:id/restaurants",
                "properties": Object {
                  "address": "string",
                  "avg_cost": "string",
                  "city_id": "number",
                  "created_at": "timestamp",
                  "id": "number",
                  "name": "string",
                  "rating": "number",
                  "updated_at": "timestamp",
                },
                "request_should_include": Array [
                  "name",
                  "address",
                  "rating",
                  "avg_cost",
                ],
                "returns": "all properties with id",
                "successful_status_code": 201,
              }
            }
          />,
        ],
        "className": "endpoint-container",
      },
      "ref": null,
      "rendered": Array [
        Object {
          "instance": null,
          "key": "bdaf6780-b7fd-42b1-9262-777d6dec4806",
          "nodeType": "class",
          "props": Object {
            "data": Object {
              "examples": Object {
                "request": null,
                "response": "
        [
          {
              \\"id\\": 1,
              \\"name\\": \\"New York City\\",
              \\"state\\": \\"NY\\",
              \\"population\\": 8622698,
              \\"capital\\": false,
              \\"created_at\\": \\"2019-02-05T00:54:20.896Z\\",
              \\"updated_at\\": \\"2019-02-05T00:54:20.896Z\\"
          },
          {
              \\"id\\": 3,
              \\"name\\": \\"Los Angeles\\",
              \\"state\\": \\"CA\\",
              \\"population\\": 3999759,
              \\"capital\\": false,
              \\"created_at\\": \\"2019-02-05T00:54:20.906Z\\",
              \\"updated_at\\": \\"2019-02-05T00:54:20.906Z\\"
          },
          {
              \\"id\\": 2,
              \\"name\\": \\"Chicago\\",
              \\"state\\": \\"IL\\",
              \\"population\\": 2716450,
              \\"capital\\": false,
              \\"created_at\\": \\"2019-02-05T00:54:20.906Z\\",
              \\"updated_at\\": \\"2019-02-05T00:54:20.906Z\\"
          }
        ]",
              },
              "method": "GET",
              "path": "/api/v1/cities",
              "properties": Object {
                "capital": "boolean",
                "created_at": "timestamp",
                "id": "number",
                "name": "string",
                "population": "number",
                "state": "string",
                "updated_at": "timestamp",
              },
              "request_should_include": null,
              "returns": "an array of all cities in the database",
              "successful_status_code": 200,
            },
          },
          "ref": null,
          "rendered": null,
          "type": [Function],
        },
        Object {
          "instance": null,
          "key": "bafc9e86-ebca-491c-a5c3-c9fb315bf10f",
          "nodeType": "class",
          "props": Object {
            "data": Object {
              "examples": Object {
                "request": "
        {
          \\"name\\": \\"New York City\\",
          \\"state\\": \\"NY\\",
          \\"population\\": 8622698,
          \\"capital\\": false,
        }",
                "response": "
        {
          \\"id\\": 3,
          \\"name\\": \\"Los Angeles\\",
          \\"state\\": \\"CA\\",
          \\"population\\": 3999759,
          \\"capital\\": false,
          \\"created_at\\": \\"2019-02-05T00:54:20.906Z\\",
          \\"updated_at\\": \\"2019-02-05T00:54:20.906Z\\"
        }",
              },
              "method": "POST",
              "path": "/api/v1/cities",
              "properties": Object {
                "capital": "boolean",
                "created_at": "timestamp",
                "id": "number",
                "name": "string",
                "population": "number",
                "state": "string",
                "updated_at": "timestamp",
              },
              "request_should_include": Array [
                "name",
                "state",
                "population",
                "capital",
              ],
              "returns": "all properties with new id",
              "successful_status_code": 201,
            },
          },
          "ref": null,
          "rendered": null,
          "type": [Function],
        },
        Object {
          "instance": null,
          "key": "377f09a4-02c0-48ef-9448-19c7bf2a409b",
          "nodeType": "class",
          "props": Object {
            "data": Object {
              "examples": Object {
                "request": null,
                "response": "
        [
          {
              \\"id\\": 1,
              \\"name\\": \\"Los Tacos No. 1\\",
              \\"address\\": \\"Chelsea Market, 75 9th Avenue, New York 10011\\",
              \\"city\\": \\"New York City\\",
              \\"rating\\": 4,
              \\"avg_cost\\": \\"$25\\",
              \\"city_id\\": 1,
              \\"created_at\\": \\"2019-02-05T00:54:20.932Z\\",
              \\"updated_at\\": \\"2019-02-05T00:54:20.932Z\\"
          },
          {
              \\"id\\": 3,
              \\"name\\": \\"Cascabel Taqueria\\",
              \\"address\\": \\"1556 2Nd Avenue 10028\\",
              \\"city\\": \\"New York City\\",
              \\"rating\\": 4,
              \\"avg_cost\\": \\"$60\\",
              \\"city_id\\": 1,
              \\"created_at\\": \\"2019-02-05T00:54:20.935Z\\",
              \\"updated_at\\": \\"2019-02-05T00:54:20.935Z\\"
          },
          {
              \\"id\\": 2,
              \\"name\\": \\"Sombrero\\",
              \\"address\\": \\"303 West 48th Street, New York 10036\\",
              \\"city\\": \\"New York City\\",
              \\"rating\\": 2,
              \\"avg_cost\\": \\"$65\\",
              \\"city_id\\": 1,
              \\"created_at\\": \\"2019-02-05T00:54:20.936Z\\",
              \\"updated_at\\": \\"2019-02-05T00:54:20.936Z\\"
          }
        ]",
              },
              "method": "GET",
              "path": "/api/v1/restaurants",
              "properties": Object {
                "address": "string",
                "avg_cost": "string",
                "city_id": "number",
                "created_at": "timestamp",
                "id": "number",
                "name": "string",
                "rating": "number",
                "updated_at": "timestamp",
              },
              "request_should_include": null,
              "returns": "an array of all restaurants in the database",
              "successful_status_code": 200,
            },
          },
          "ref": null,
          "rendered": null,
          "type": [Function],
        },
        Object {
          "instance": null,
          "key": "0199e8f1-e5e6-4744-8d04-8979d8aeb3c2",
          "nodeType": "class",
          "props": Object {
            "data": Object {
              "examples": Object {
                "request": null,
                "response": "
        [
          {
            \\"id\\": 19,
            \\"name\\": \\"Denver\\",
            \\"state\\": \\"CO\\",
            \\"population\\": 704621,
            \\"capital\\": true,
            \\"created_at\\": \\"2019-02-05T00:54:20.920Z\\",
            \\"updated_at\\": \\"2019-02-05T00:54:20.920Z\\"
          }
        ]",
              },
              "method": "GET",
              "path": "/api/v1/cities/:id",
              "properties": Object {
                "capital": "boolean",
                "created_at": "timestamp",
                "id": "number",
                "name": "string",
                "population": "number",
                "state": "string",
                "updated_at": "timestamp",
              },
              "request_should_include": null,
              "returns": "an array of any cities in the database that match the given id",
              "successful_status_code": 200,
            },
          },
          "ref": null,
          "rendered": null,
          "type": [Function],
        },
        Object {
          "instance": null,
          "key": "1dd2ad85-98bc-4c4c-9f10-e8661c0e88b4",
          "nodeType": "class",
          "props": Object {
            "data": Object {
              "examples": Object {
                "request": "
        {
          \\"name\\": \\"Denver\\",
          \\"state\\": \\"CO\\",
          \\"population\\": 704621,
          \\"capital\\": true,
        }",
                "response": "City with id 19 was successfully updated.",
              },
              "method": "PUT",
              "path": "/api/v1/cities/:id",
              "properties": Object {
                "capital": "boolean",
                "created_at": "timestamp",
                "id": "number",
                "name": "string",
                "population": "number",
                "state": "string",
                "updated_at": "timestamp",
              },
              "request_should_include": Array [
                "name",
                "state",
                "population",
                "capital",
              ],
              "returns": "confirmation message",
              "successful_status_code": 202,
            },
          },
          "ref": null,
          "rendered": null,
          "type": [Function],
        },
        Object {
          "instance": null,
          "key": "ff958df6-c85a-44db-9b3e-54f62f99ec35",
          "nodeType": "class",
          "props": Object {
            "data": Object {
              "examples": Object {
                "request": null,
                "response": null,
              },
              "method": "DELETE",
              "path": "/api/v1/cities/:id",
              "properties": Object {
                "capital": "boolean",
                "created_at": "timestamp",
                "id": "number",
                "name": "string",
                "population": "number",
                "state": "string",
                "updated_at": "timestamp",
              },
              "request_should_include": "none",
              "returns": "status code only",
              "successful_status_code": 204,
            },
          },
          "ref": null,
          "rendered": null,
          "type": [Function],
        },
        Object {
          "instance": null,
          "key": "6efab3ca-a48a-4530-bfa0-3e28fd8e4edb",
          "nodeType": "class",
          "props": Object {
            "data": Object {
              "examples": Object {
                "request": null,
                "response": "
        [
          {
            \\"id\\": 204,
            \\"name\\": \\"Machete Tequila + Tacos\\",
            \\"address\\": \\"2817 East 3rd Avenue, Denver 80206\\",
            \\"city\\": \\"Denver\\",
            \\"rating\\": 3,
            \\"avg_cost\\": \\"$25\\",
            \\"city_id\\": 19,
            \\"created_at\\": \\"2019-02-05T00:54:21.037Z\\",
            \\"updated_at\\": \\"2019-02-05T00:54:21.037Z\\"
          }
        ]",
              },
              "method": "GET",
              "path": "/api/v1/restaurants/:id",
              "properties": Object {
                "address": "string",
                "avg_cost": "string",
                "city_id": "number",
                "created_at": "timestamp",
                "id": "number",
                "name": "string",
                "rating": "number",
                "updated_at": "timestamp",
              },
              "request_should_include": "none",
              "returns": "an array of any restaurants in the database that match the id",
              "successful_status_code": 200,
            },
          },
          "ref": null,
          "rendered": null,
          "type": [Function],
        },
        Object {
          "instance": null,
          "key": "b188f7ee-1a01-42cb-8112-fd6afbf96da6",
          "nodeType": "class",
          "props": Object {
            "data": Object {
              "examples": Object {
                "request": "
        {
          \\"name\\": \\"Machete Tequila + Tacos\\",
          \\"address\\": \\"2817 East 3rd Avenue, Denver 80206\\",
          \\"city\\": \\"Denver\\",
          \\"rating\\": 3,
          \\"avg_cost\\": \\"$25\\",
        }",
                "response": "Restaurant with id 204 was successfully updated.",
              },
              "method": "PUT",
              "path": "/api/v1/restaurants/:id",
              "properties": Object {
                "address": "string",
                "avg_cost": "string",
                "city_id": "number",
                "created_at": "timestamp",
                "id": "number",
                "name": "string",
                "rating": "number",
                "updated_at": "timestamp",
              },
              "request_should_include": Array [
                "name",
                "address",
                "city",
                "rating",
                "avg_cost",
              ],
              "returns": "all properties with new id",
              "successful_status_code": 201,
            },
          },
          "ref": null,
          "rendered": null,
          "type": [Function],
        },
        Object {
          "instance": null,
          "key": "570d24a9-9265-4005-994b-4ffdc1e3258c",
          "nodeType": "class",
          "props": Object {
            "data": Object {
              "examples": Object {
                "request": null,
                "response": null,
              },
              "method": "DELETE",
              "path": "/api/v1/restaurants/:id",
              "properties": Object {
                "address": "string",
                "avg_cost": "string",
                "city_id": "number",
                "created_at": "timestamp",
                "id": "number",
                "name": "string",
                "rating": "number",
                "updated_at": "timestamp",
              },
              "request_should_include": null,
              "returns": "response code only",
              "successful_status_code": 204,
            },
          },
          "ref": null,
          "rendered": null,
          "type": [Function],
        },
        Object {
          "instance": null,
          "key": "9e2c011f-6168-4df5-9609-b9bf29cc5505",
          "nodeType": "class",
          "props": Object {
            "data": Object {
              "examples": Object {
                "request": null,
                "response": "
        [
          {
              \\"id\\": 205,
              \\"name\\": \\"Margs Taco Bistro\\",
              \\"address\\": \\"200 Fillmore Street, Denver 80206\\",
              \\"city\\": \\"Denver\\",
              \\"rating\\": 3,
              \\"avg_cost\\": \\"$10\\",
              \\"city_id\\": 19,
              \\"created_at\\": \\"2019-02-05T00:54:21.038Z\\",
              \\"updated_at\\": \\"2019-02-05T00:54:21.038Z\\"
          },
          {
              \\"id\\": 206,
              \\"name\\": \\"Taco John's\\",
              \\"address\\": \\"9675 Washington Street 80229\\",
              \\"city\\": \\"Denver\\",
              \\"rating\\": 0,
              \\"avg_cost\\": \\"$25\\",
              \\"city_id\\": 19,
              \\"created_at\\": \\"2019-02-05T00:54:21.038Z\\",
              \\"updated_at\\": \\"2019-02-05T00:54:21.038Z\\"
          },
          {
              \\"id\\": 207,
              \\"name\\": \\"Torchy's Tacos\\",
              \\"address\\": \\"1085 North Broadway 80203\\",
              \\"city\\": \\"Denver\\",
              \\"rating\\": 3,
              \\"avg_cost\\": \\"$25\\",
              \\"city_id\\": 19,
              \\"created_at\\": \\"2019-02-05T00:54:21.039Z\\",
              \\"updated_at\\": \\"2019-02-05T00:54:21.039Z\\"
          }
        ]",
              },
              "method": "GET",
              "path": "/api/v1/cities/:id/restaurants",
              "properties": Object {
                "address": "string",
                "avg_cost": "string",
                "city_id": "number",
                "created_at": "timestamp",
                "id": "number",
                "name": "string",
                "rating": "number",
                "updated_at": "timestamp",
              },
              "request_should_include": "none",
              "returns": "an array of restaurants that have matching city ids",
              "successful_status_code": 200,
            },
          },
          "ref": null,
          "rendered": null,
          "type": [Function],
        },
        Object {
          "instance": null,
          "key": "403ca9ad-019f-4dff-b704-df87aa2f0967",
          "nodeType": "class",
          "props": Object {
            "data": Object {
              "examples": Object {
                "request": "
        {
          \\"name\\": \\"Torchy's Tacos\\",
          \\"address\\": \\"1085 North Broadway 80203\\",
          \\"city\\": \\"Denver\\",
          \\"rating\\": 3,
          \\"avg_cost\\": \\"$25\\"
        }",
                "response": "
        {
          \\"id\\": 207,
          \\"name\\": \\"Torchy's Tacos\\",
          \\"address\\": \\"1085 North Broadway 80203\\",
          \\"city\\": \\"Denver\\",
          \\"rating\\": 3,
          \\"avg_cost\\": \\"$25\\",
          \\"city_id\\": 19,
          \\"created_at\\": \\"2019-02-05T00:54:21.039Z\\",
          \\"updated_at\\": \\"2019-02-05T00:54:21.039Z\\"
        }",
              },
              "method": "POST",
              "path": "/api/v1/cities/:id/restaurants",
              "properties": Object {
                "address": "string",
                "avg_cost": "string",
                "city_id": "number",
                "created_at": "timestamp",
                "id": "number",
                "name": "string",
                "rating": "number",
                "updated_at": "timestamp",
              },
              "request_should_include": Array [
                "name",
                "address",
                "rating",
                "avg_cost",
              ],
              "returns": "all properties with id",
              "successful_status_code": 201,
            },
          },
          "ref": null,
          "rendered": null,
          "type": [Function],
        },
      ],
      "type": "div",
    },
  ],
  Symbol(enzyme.__options__): Object {
    "adapter": ReactSixteenAdapter {
      "options": Object {
        "enableComponentDidUpdateOnSetState": true,
        "legacyContextMode": "parent",
        "lifecycles": Object {
          "componentDidUpdate": Object {
            "onSetState": true,
          },
          "getChildContext": Object {
            "calledByRenderer": false,
          },
          "getDerivedStateFromProps": true,
          "getSnapshotBeforeUpdate": true,
          "setState": Object {
            "skipsComponentDidUpdateOnNullish": true,
          },
        },
      },
    },
  },
}
`;
